// Jest Snapshot v1, https://goo.gl/fbAQLP

exports[`<Error /> component Blank render for error 1`] = `<div />`;
