// Jest Snapshot v1, https://goo.gl/fbAQLP

exports[`<TablePagination /> component TablePagination component snapshot 1`] = `
<div>
  <div
    class="css-0"
  >
    <div
      class="css-0"
    >
      <div
        class="css-1gpy5cb"
      >
        <table
          class="chakra-table css-5605sr"
          role="table"
        >
          <thead
            class="css-0"
          >
            <tr
              class="css-0"
              role="row"
            >
              <th
                class="css-1zts0j"
                colspan="1"
                role="columnheader"
              >
                Name
              </th>
              <th
                class="css-1zts0j"
                colspan="1"
                role="columnheader"
              >
                Country
              </th>
              <th
                class="css-1zts0j"
                colspan="1"
                role="columnheader"
              >
                Wish List
              </th>
              <th
                class="css-1zts0j"
                colspan="1"
                role="columnheader"
              >
                Visited
              </th>
            </tr>
          </thead>
          <tbody
            class="css-0"
            role="rowgroup"
          >
            <tr
              class="css-0"
              role="row"
            >
              <td
                class="css-xumdn4"
                role="cell"
              >
                Moscow
              </td>
              <td
                class="css-xumdn4"
                role="cell"
              >
                Russia
              </td>
              <td
                class="css-xumdn4"
                role="cell"
              >
                <svg
                  class="chakra-icon css-17jvsh1"
                  focusable="false"
                  viewBox="0 0 24 24"
                >
                  <path
                    d="M23.555,8.729a1.505,1.505,0,0,0-1.406-.98H16.062a.5.5,0,0,1-.472-.334L13.405,1.222a1.5,1.5,0,0,0-2.81,0l-.005.016L8.41,7.415a.5.5,0,0,1-.471.334H1.85A1.5,1.5,0,0,0,.887,10.4l5.184,4.3a.5.5,0,0,1,.155.543L4.048,21.774a1.5,1.5,0,0,0,2.31,1.684l5.346-3.92a.5.5,0,0,1,.591,0l5.344,3.919a1.5,1.5,0,0,0,2.312-1.683l-2.178-6.535a.5.5,0,0,1,.155-.543l5.194-4.306A1.5,1.5,0,0,0,23.555,8.729Z"
                    fill="currentColor"
                  />
                </svg>
              </td>
              <td
                class="css-xumdn4"
                role="cell"
              >
                <svg
                  class="chakra-icon css-17jvsh1"
                  focusable="false"
                  viewBox="0 0 24 24"
                >
                  <path
                    d="M23.555,8.729a1.505,1.505,0,0,0-1.406-.98H16.062a.5.5,0,0,1-.472-.334L13.405,1.222a1.5,1.5,0,0,0-2.81,0l-.005.016L8.41,7.415a.5.5,0,0,1-.471.334H1.85A1.5,1.5,0,0,0,.887,10.4l5.184,4.3a.5.5,0,0,1,.155.543L4.048,21.774a1.5,1.5,0,0,0,2.31,1.684l5.346-3.92a.5.5,0,0,1,.591,0l5.344,3.919a1.5,1.5,0,0,0,2.312-1.683l-2.178-6.535a.5.5,0,0,1,.155-.543l5.194-4.306A1.5,1.5,0,0,0,23.555,8.729Z"
                    fill="currentColor"
                  />
                </svg>
              </td>
            </tr>
          </tbody>
        </table>
        <div
          class="chakra-stack css-10okdy6"
        >
          <div
            class="chakra-stack css-nd8846"
          >
            <button
              class="chakra-button css-7mygub"
              disabled=""
              type="button"
            >
              1
            </button>
          </div>
        </div>
      </div>
    </div>
  </div>
</div>
`;
