// Jest Snapshot v1, https://goo.gl/fbAQLP

exports[`Visited Page component Visited page 1`] = `
<div>
  <h1
    class="chakra-heading css-1dklj6k"
  >
    Visited
  </h1>
  <div
    class="chakra-container css-nm5t63"
  >
    <div
      class="chakra-spinner css-17lgtxu"
    >
      <span
        class="css-f8n5zr"
      >
        Loading...
      </span>
    </div>
  </div>
</div>
`;
